// Jest Snapshot v1, https://goo.gl/fbAQLP

exports[`all files basefile test 1`] = `
Map {
  "samples/js/sample.js" => Map {
    "samples/js/copied_function.js" => Array [
      Array [
        3,
        14,
      ],
      Array [
        3,
        14,
      ],
      Array [
        4,
        15,
      ],
      Array [
        4,
        15,
      ],
      Array [
        4,
        15,
      ],
      Array [
        5,
        16,
      ],
      Array [
        5,
        16,
      ],
      Array [
        5,
        16,
      ],
      Array [
        6,
        17,
      ],
      Array [
        6,
        17,
      ],
      Array [
        6,
        17,
      ],
      Array [
        6,
        17,
      ],
      Array [
        6,
        17,
      ],
      Array [
        6,
        17,
      ],
      Array [
        6,
        17,
      ],
      Array [
        6,
        17,
      ],
      Array [
        6,
        17,
      ],
      Array [
        6,
        17,
      ],
      Array [
        6,
        17,
      ],
      Array [
        6,
        17,
      ],
      Array [
        6,
        17,
      ],
      Array [
        6,
        17,
      ],
    ],
  },
  "samples/js/another_copied_function.js" => Map {},
  "samples/js/copied_function.js" => Map {
    "samples/js/sample.js" => Array [
      Array [
        14,
        3,
      ],
      Array [
        14,
        3,
      ],
      Array [
        15,
        4,
      ],
      Array [
        15,
        4,
      ],
      Array [
        15,
        4,
      ],
      Array [
        16,
        5,
      ],
      Array [
        16,
        5,
      ],
      Array [
        16,
        5,
      ],
      Array [
        17,
        6,
      ],
      Array [
        17,
        6,
      ],
      Array [
        17,
        6,
      ],
      Array [
        17,
        6,
      ],
      Array [
        17,
        6,
      ],
      Array [
        17,
        6,
      ],
      Array [
        17,
        6,
      ],
      Array [
        17,
        6,
      ],
      Array [
        17,
        6,
      ],
      Array [
        17,
        6,
      ],
      Array [
        17,
        6,
      ],
      Array [
        17,
        6,
      ],
      Array [
        17,
        6,
      ],
      Array [
        17,
        6,
      ],
    ],
  },
}
`;

exports[`all files max hash count 1`] = `
Map {
  "samples/js/sample.js" => Map {
    "samples/js/another_copied_function.js" => Array [
      Array [
        0,
        2,
      ],
      Array [
        0,
        2,
      ],
      Array [
        3,
        3,
      ],
      Array [
        0,
        11,
      ],
      Array [
        0,
        11,
      ],
      Array [
        0,
        11,
      ],
      Array [
        0,
        11,
      ],
      Array [
        0,
        11,
      ],
      Array [
        0,
        11,
      ],
      Array [
        0,
        11,
      ],
      Array [
        0,
        11,
      ],
      Array [
        4,
        11,
      ],
      Array [
        0,
        11,
      ],
      Array [
        0,
        11,
      ],
      Array [
        0,
        25,
      ],
      Array [
        0,
        27,
      ],
      Array [
        5,
        28,
      ],
      Array [
        5,
        28,
      ],
      Array [
        5,
        28,
      ],
      Array [
        5,
        28,
      ],
      Array [
        5,
        28,
      ],
      Array [
        5,
        28,
      ],
      Array [
        5,
        28,
      ],
      Array [
        5,
        28,
      ],
      Array [
        2,
        35,
      ],
      Array [
        2,
        43,
      ],
      Array [
        2,
        51,
      ],
      Array [
        3,
        52,
      ],
      Array [
        3,
        52,
      ],
      Array [
        3,
        52,
      ],
      Array [
        0,
        53,
      ],
      Array [
        4,
        53,
      ],
      Array [
        4,
        53,
      ],
      Array [
        4,
        53,
      ],
      Array [
        4,
        53,
      ],
      Array [
        4,
        53,
      ],
      Array [
        4,
        53,
      ],
      Array [
        4,
        53,
      ],
      Array [
        4,
        53,
      ],
      Array [
        5,
        54,
      ],
      Array [
        5,
        54,
      ],
      Array [
        5,
        54,
      ],
      Array [
        5,
        54,
      ],
      Array [
        5,
        54,
      ],
      Array [
        5,
        54,
      ],
      Array [
        5,
        54,
      ],
      Array [
        5,
        54,
      ],
      Array [
        5,
        54,
      ],
    ],
    "samples/js/copied_function.js" => Array [
      Array [
        3,
        14,
      ],
      Array [
        3,
        14,
      ],
      Array [
        4,
        15,
      ],
      Array [
        4,
        15,
      ],
      Array [
        4,
        15,
      ],
      Array [
        5,
        16,
      ],
      Array [
        5,
        16,
      ],
      Array [
        5,
        16,
      ],
      Array [
        6,
        17,
      ],
      Array [
        6,
        17,
      ],
      Array [
        6,
        17,
      ],
      Array [
        6,
        17,
      ],
      Array [
        6,
        17,
      ],
      Array [
        6,
        17,
      ],
      Array [
        6,
        17,
      ],
      Array [
        6,
        17,
      ],
      Array [
        6,
        17,
      ],
      Array [
        6,
        17,
      ],
      Array [
        6,
        17,
      ],
      Array [
        6,
        17,
      ],
      Array [
        6,
        17,
      ],
      Array [
        6,
        17,
      ],
    ],
  },
  "samples/js/another_copied_function.js" => Map {
    "samples/js/sample.js" => Array [
      Array [
        2,
        0,
      ],
      Array [
        25,
        0,
      ],
      Array [
        2,
        0,
      ],
      Array [
        11,
        0,
      ],
      Array [
        27,
        0,
      ],
      Array [
        11,
        0,
      ],
      Array [
        11,
        0,
      ],
      Array [
        11,
        0,
      ],
      Array [
        11,
        0,
      ],
      Array [
        11,
        0,
      ],
      Array [
        11,
        0,
      ],
      Array [
        11,
        0,
      ],
      Array [
        53,
        0,
      ],
      Array [
        11,
        0,
      ],
      Array [
        11,
        0,
      ],
      Array [
        35,
        2,
      ],
      Array [
        43,
        2,
      ],
      Array [
        51,
        2,
      ],
      Array [
        52,
        3,
      ],
      Array [
        3,
        3,
      ],
      Array [
        52,
        3,
      ],
      Array [
        52,
        3,
      ],
      Array [
        11,
        4,
      ],
      Array [
        53,
        4,
      ],
      Array [
        53,
        4,
      ],
      Array [
        53,
        4,
      ],
      Array [
        53,
        4,
      ],
      Array [
        53,
        4,
      ],
      Array [
        53,
        4,
      ],
      Array [
        53,
        4,
      ],
      Array [
        53,
        4,
      ],
      Array [
        54,
        5,
      ],
      Array [
        28,
        5,
      ],
      Array [
        54,
        5,
      ],
      Array [
        28,
        5,
      ],
      Array [
        54,
        5,
      ],
      Array [
        28,
        5,
      ],
      Array [
        54,
        5,
      ],
      Array [
        28,
        5,
      ],
      Array [
        54,
        5,
      ],
      Array [
        28,
        5,
      ],
      Array [
        54,
        5,
      ],
      Array [
        28,
        5,
      ],
      Array [
        54,
        5,
      ],
      Array [
        28,
        5,
      ],
      Array [
        54,
        5,
      ],
      Array [
        28,
        5,
      ],
      Array [
        54,
        5,
      ],
    ],
  },
  "samples/js/copied_function.js" => Map {
    "samples/js/sample.js" => Array [
      Array [
        14,
        3,
      ],
      Array [
        14,
        3,
      ],
      Array [
        15,
        4,
      ],
      Array [
        15,
        4,
      ],
      Array [
        15,
        4,
      ],
      Array [
        16,
        5,
      ],
      Array [
        16,
        5,
      ],
      Array [
        16,
        5,
      ],
      Array [
        17,
        6,
      ],
      Array [
        17,
        6,
      ],
      Array [
        17,
        6,
      ],
      Array [
        17,
        6,
      ],
      Array [
        17,
        6,
      ],
      Array [
        17,
        6,
      ],
      Array [
        17,
        6,
      ],
      Array [
        17,
        6,
      ],
      Array [
        17,
        6,
      ],
      Array [
        17,
        6,
      ],
      Array [
        17,
        6,
      ],
      Array [
        17,
        6,
      ],
      Array [
        17,
        6,
      ],
      Array [
        17,
        6,
      ],
    ],
  },
}
`;

exports[`all files max hash percentage 1`] = `
Map {
  "samples/js/sample.js" => Map {},
  "samples/js/another_copied_function.js" => Map {},
  "samples/js/copied_function.js" => Map {},
}
`;

exports[`all files no filter test 1`] = `
Map {
  "samples/js/sample.js" => Map {
    "samples/js/another_copied_function.js" => Array [
      Array [
        0,
        2,
      ],
      Array [
        0,
        2,
      ],
      Array [
        0,
        2,
      ],
      Array [
        0,
        2,
      ],
      Array [
        0,
        2,
      ],
      Array [
        0,
        2,
      ],
      Array [
        0,
        2,
      ],
      Array [
        3,
        3,
      ],
      Array [
        4,
        3,
      ],
      Array [
        5,
        3,
      ],
      Array [
        5,
        3,
      ],
      Array [
        5,
        7,
      ],
      Array [
        4,
        7,
      ],
      Array [
        5,
        7,
      ],
      Array [
        5,
        7,
      ],
      Array [
        4,
        7,
      ],
      Array [
        5,
        7,
      ],
      Array [
        0,
        11,
      ],
      Array [
        0,
        11,
      ],
      Array [
        0,
        11,
      ],
      Array [
        0,
        11,
      ],
      Array [
        0,
        11,
      ],
      Array [
        0,
        11,
      ],
      Array [
        0,
        11,
      ],
      Array [
        0,
        11,
      ],
      Array [
        0,
        11,
      ],
      Array [
        0,
        11,
      ],
      Array [
        0,
        11,
      ],
      Array [
        0,
        11,
      ],
      Array [
        0,
        11,
      ],
      Array [
        4,
        11,
      ],
      Array [
        0,
        11,
      ],
      Array [
        0,
        11,
      ],
      Array [
        5,
        17,
      ],
      Array [
        0,
        25,
      ],
      Array [
        0,
        25,
      ],
      Array [
        0,
        25,
      ],
      Array [
        0,
        25,
      ],
      Array [
        0,
        25,
      ],
      Array [
        0,
        25,
      ],
      Array [
        0,
        26,
      ],
      Array [
        0,
        26,
      ],
      Array [
        0,
        26,
      ],
      Array [
        0,
        26,
      ],
      Array [
        0,
        26,
      ],
      Array [
        0,
        27,
      ],
      Array [
        0,
        27,
      ],
      Array [
        0,
        27,
      ],
      Array [
        0,
        27,
      ],
      Array [
        0,
        27,
      ],
      Array [
        0,
        27,
      ],
      Array [
        0,
        28,
      ],
      Array [
        0,
        28,
      ],
      Array [
        0,
        28,
      ],
      Array [
        5,
        28,
      ],
      Array [
        5,
        28,
      ],
      Array [
        5,
        28,
      ],
      Array [
        5,
        28,
      ],
      Array [
        5,
        28,
      ],
      Array [
        5,
        28,
      ],
      Array [
        4,
        28,
      ],
      Array [
        5,
        28,
      ],
      Array [
        5,
        28,
      ],
      Array [
        4,
        28,
      ],
      Array [
        5,
        28,
      ],
      Array [
        5,
        28,
      ],
      Array [
        5,
        28,
      ],
      Array [
        5,
        28,
      ],
      Array [
        5,
        28,
      ],
      Array [
        5,
        28,
      ],
      Array [
        5,
        28,
      ],
      Array [
        4,
        28,
      ],
      Array [
        5,
        28,
      ],
      Array [
        5,
        28,
      ],
      Array [
        5,
        28,
      ],
      Array [
        5,
        28,
      ],
      Array [
        5,
        28,
      ],
      Array [
        5,
        28,
      ],
      Array [
        5,
        28,
      ],
      Array [
        5,
        28,
      ],
      Array [
        5,
        28,
      ],
      Array [
        4,
        28,
      ],
      Array [
        5,
        28,
      ],
      Array [
        5,
        28,
      ],
      Array [
        5,
        28,
      ],
      Array [
        5,
        28,
      ],
      Array [
        5,
        28,
      ],
      Array [
        5,
        28,
      ],
      Array [
        5,
        28,
      ],
      Array [
        5,
        28,
      ],
      Array [
        5,
        28,
      ],
      Array [
        5,
        28,
      ],
      Array [
        2,
        35,
      ],
      Array [
        0,
        36,
      ],
      Array [
        5,
        36,
      ],
      Array [
        4,
        36,
      ],
      Array [
        5,
        36,
      ],
      Array [
        5,
        36,
      ],
      Array [
        2,
        43,
      ],
      Array [
        4,
        44,
      ],
      Array [
        5,
        44,
      ],
      Array [
        5,
        44,
      ],
      Array [
        2,
        51,
      ],
      Array [
        3,
        52,
      ],
      Array [
        3,
        52,
      ],
      Array [
        3,
        52,
      ],
      Array [
        0,
        53,
      ],
      Array [
        4,
        53,
      ],
      Array [
        4,
        53,
      ],
      Array [
        4,
        53,
      ],
      Array [
        5,
        53,
      ],
      Array [
        5,
        53,
      ],
      Array [
        4,
        53,
      ],
      Array [
        4,
        53,
      ],
      Array [
        4,
        53,
      ],
      Array [
        4,
        53,
      ],
      Array [
        5,
        53,
      ],
      Array [
        5,
        53,
      ],
      Array [
        4,
        53,
      ],
      Array [
        5,
        53,
      ],
      Array [
        4,
        53,
      ],
      Array [
        4,
        53,
      ],
      Array [
        4,
        53,
      ],
      Array [
        4,
        54,
      ],
      Array [
        5,
        54,
      ],
      Array [
        5,
        54,
      ],
      Array [
        5,
        54,
      ],
      Array [
        5,
        54,
      ],
      Array [
        5,
        54,
      ],
      Array [
        5,
        54,
      ],
      Array [
        5,
        54,
      ],
      Array [
        5,
        54,
      ],
      Array [
        5,
        54,
      ],
      Array [
        4,
        54,
      ],
      Array [
        5,
        54,
      ],
      Array [
        5,
        54,
      ],
      Array [
        4,
        54,
      ],
      Array [
        5,
        54,
      ],
      Array [
        5,
        54,
      ],
      Array [
        5,
        54,
      ],
      Array [
        5,
        54,
      ],
      Array [
        5,
        54,
      ],
      Array [
        5,
        54,
      ],
      Array [
        5,
        54,
      ],
      Array [
        4,
        54,
      ],
      Array [
        5,
        54,
      ],
      Array [
        5,
        54,
      ],
      Array [
        5,
        54,
      ],
      Array [
        5,
        54,
      ],
      Array [
        5,
        54,
      ],
      Array [
        5,
        54,
      ],
      Array [
        5,
        54,
      ],
      Array [
        5,
        54,
      ],
      Array [
        5,
        54,
      ],
      Array [
        4,
        54,
      ],
      Array [
        5,
        54,
      ],
      Array [
        5,
        54,
      ],
      Array [
        5,
        54,
      ],
      Array [
        5,
        54,
      ],
      Array [
        5,
        54,
      ],
      Array [
        5,
        54,
      ],
      Array [
        5,
        54,
      ],
      Array [
        5,
        54,
      ],
      Array [
        5,
        54,
      ],
      Array [
        5,
        54,
      ],
    ],
    "samples/js/copied_function.js" => Array [
      Array [
        3,
        14,
      ],
      Array [
        3,
        14,
      ],
      Array [
        4,
        15,
      ],
      Array [
        4,
        15,
      ],
      Array [
        4,
        15,
      ],
      Array [
        5,
        16,
      ],
      Array [
        5,
        16,
      ],
      Array [
        5,
        16,
      ],
      Array [
        6,
        17,
      ],
      Array [
        6,
        17,
      ],
      Array [
        6,
        17,
      ],
      Array [
        6,
        17,
      ],
      Array [
        6,
        17,
      ],
      Array [
        6,
        17,
      ],
      Array [
        6,
        17,
      ],
      Array [
        6,
        17,
      ],
      Array [
        6,
        17,
      ],
      Array [
        6,
        17,
      ],
      Array [
        6,
        17,
      ],
      Array [
        6,
        17,
      ],
      Array [
        6,
        17,
      ],
      Array [
        6,
        17,
      ],
      Array [
        6,
        17,
      ],
      Array [
        6,
        28,
      ],
      Array [
        6,
        54,
      ],
    ],
  },
  "samples/js/another_copied_function.js" => Map {
    "samples/js/sample.js" => Array [
      Array [
        2,
        0,
      ],
      Array [
        25,
        0,
      ],
      Array [
        2,
        0,
      ],
      Array [
        11,
        0,
      ],
      Array [
        25,
        0,
      ],
      Array [
        26,
        0,
      ],
      Array [
        27,
        0,
      ],
      Array [
        28,
        0,
      ],
      Array [
        2,
        0,
      ],
      Array [
        11,
        0,
      ],
      Array [
        25,
        0,
      ],
      Array [
        26,
        0,
      ],
      Array [
        27,
        0,
      ],
      Array [
        28,
        0,
      ],
      Array [
        2,
        0,
      ],
      Array [
        11,
        0,
      ],
      Array [
        25,
        0,
      ],
      Array [
        26,
        0,
      ],
      Array [
        27,
        0,
      ],
      Array [
        28,
        0,
      ],
      Array [
        2,
        0,
      ],
      Array [
        11,
        0,
      ],
      Array [
        25,
        0,
      ],
      Array [
        26,
        0,
      ],
      Array [
        27,
        0,
      ],
      Array [
        36,
        0,
      ],
      Array [
        2,
        0,
      ],
      Array [
        11,
        0,
      ],
      Array [
        25,
        0,
      ],
      Array [
        26,
        0,
      ],
      Array [
        27,
        0,
      ],
      Array [
        2,
        0,
      ],
      Array [
        11,
        0,
      ],
      Array [
        27,
        0,
      ],
      Array [
        11,
        0,
      ],
      Array [
        11,
        0,
      ],
      Array [
        11,
        0,
      ],
      Array [
        11,
        0,
      ],
      Array [
        11,
        0,
      ],
      Array [
        11,
        0,
      ],
      Array [
        11,
        0,
      ],
      Array [
        53,
        0,
      ],
      Array [
        11,
        0,
      ],
      Array [
        11,
        0,
      ],
      Array [
        35,
        2,
      ],
      Array [
        43,
        2,
      ],
      Array [
        51,
        2,
      ],
      Array [
        52,
        3,
      ],
      Array [
        3,
        3,
      ],
      Array [
        52,
        3,
      ],
      Array [
        52,
        3,
      ],
      Array [
        11,
        4,
      ],
      Array [
        53,
        4,
      ],
      Array [
        53,
        4,
      ],
      Array [
        28,
        4,
      ],
      Array [
        28,
        4,
      ],
      Array [
        53,
        4,
      ],
      Array [
        54,
        4,
      ],
      Array [
        54,
        4,
      ],
      Array [
        53,
        4,
      ],
      Array [
        53,
        4,
      ],
      Array [
        53,
        4,
      ],
      Array [
        3,
        4,
      ],
      Array [
        7,
        4,
      ],
      Array [
        28,
        4,
      ],
      Array [
        36,
        4,
      ],
      Array [
        44,
        4,
      ],
      Array [
        53,
        4,
      ],
      Array [
        54,
        4,
      ],
      Array [
        54,
        4,
      ],
      Array [
        7,
        4,
      ],
      Array [
        28,
        4,
      ],
      Array [
        53,
        4,
      ],
      Array [
        54,
        4,
      ],
      Array [
        53,
        4,
      ],
      Array [
        53,
        4,
      ],
      Array [
        53,
        4,
      ],
      Array [
        3,
        5,
      ],
      Array [
        7,
        5,
      ],
      Array [
        28,
        5,
      ],
      Array [
        36,
        5,
      ],
      Array [
        44,
        5,
      ],
      Array [
        53,
        5,
      ],
      Array [
        54,
        5,
      ],
      Array [
        54,
        5,
      ],
      Array [
        54,
        5,
      ],
      Array [
        17,
        5,
      ],
      Array [
        28,
        5,
      ],
      Array [
        54,
        5,
      ],
      Array [
        28,
        5,
      ],
      Array [
        54,
        5,
      ],
      Array [
        28,
        5,
      ],
      Array [
        54,
        5,
      ],
      Array [
        28,
        5,
      ],
      Array [
        54,
        5,
      ],
      Array [
        28,
        5,
      ],
      Array [
        54,
        5,
      ],
      Array [
        7,
        5,
      ],
      Array [
        28,
        5,
      ],
      Array [
        36,
        5,
      ],
      Array [
        54,
        5,
      ],
      Array [
        3,
        5,
      ],
      Array [
        7,
        5,
      ],
      Array [
        28,
        5,
      ],
      Array [
        36,
        5,
      ],
      Array [
        44,
        5,
      ],
      Array [
        53,
        5,
      ],
      Array [
        54,
        5,
      ],
      Array [
        54,
        5,
      ],
      Array [
        7,
        5,
      ],
      Array [
        28,
        5,
      ],
      Array [
        53,
        5,
      ],
      Array [
        54,
        5,
      ],
      Array [
        28,
        5,
      ],
      Array [
        54,
        5,
      ],
      Array [
        28,
        5,
      ],
      Array [
        54,
        5,
      ],
      Array [
        28,
        5,
      ],
      Array [
        54,
        5,
      ],
      Array [
        28,
        5,
      ],
      Array [
        28,
        5,
      ],
      Array [
        28,
        5,
      ],
      Array [
        54,
        5,
      ],
      Array [
        54,
        5,
      ],
      Array [
        54,
        5,
      ],
      Array [
        28,
        5,
      ],
      Array [
        28,
        5,
      ],
      Array [
        53,
        5,
      ],
      Array [
        54,
        5,
      ],
      Array [
        54,
        5,
      ],
      Array [
        28,
        5,
      ],
      Array [
        28,
        5,
      ],
      Array [
        54,
        5,
      ],
      Array [
        54,
        5,
      ],
      Array [
        28,
        5,
      ],
      Array [
        28,
        5,
      ],
      Array [
        54,
        5,
      ],
      Array [
        54,
        5,
      ],
      Array [
        28,
        5,
      ],
      Array [
        28,
        5,
      ],
      Array [
        28,
        5,
      ],
      Array [
        54,
        5,
      ],
      Array [
        54,
        5,
      ],
      Array [
        54,
        5,
      ],
      Array [
        28,
        5,
      ],
      Array [
        28,
        5,
      ],
      Array [
        53,
        5,
      ],
      Array [
        54,
        5,
      ],
      Array [
        54,
        5,
      ],
      Array [
        28,
        5,
      ],
      Array [
        28,
        5,
      ],
      Array [
        54,
        5,
      ],
      Array [
        54,
        5,
      ],
      Array [
        28,
        5,
      ],
      Array [
        28,
        5,
      ],
      Array [
        54,
        5,
      ],
      Array [
        54,
        5,
      ],
      Array [
        28,
        5,
      ],
      Array [
        28,
        5,
      ],
      Array [
        28,
        5,
      ],
      Array [
        54,
        5,
      ],
      Array [
        54,
        5,
      ],
      Array [
        54,
        5,
      ],
      Array [
        28,
        5,
      ],
      Array [
        54,
        5,
      ],
    ],
    "samples/js/copied_function.js" => Array [
      Array [
        6,
        5,
      ],
    ],
  },
  "samples/js/copied_function.js" => Map {
    "samples/js/sample.js" => Array [
      Array [
        14,
        3,
      ],
      Array [
        14,
        3,
      ],
      Array [
        15,
        4,
      ],
      Array [
        15,
        4,
      ],
      Array [
        15,
        4,
      ],
      Array [
        16,
        5,
      ],
      Array [
        16,
        5,
      ],
      Array [
        16,
        5,
      ],
      Array [
        17,
        6,
      ],
      Array [
        17,
        6,
      ],
      Array [
        17,
        6,
      ],
      Array [
        17,
        6,
      ],
      Array [
        28,
        6,
      ],
      Array [
        54,
        6,
      ],
      Array [
        17,
        6,
      ],
      Array [
        17,
        6,
      ],
      Array [
        17,
        6,
      ],
      Array [
        17,
        6,
      ],
      Array [
        17,
        6,
      ],
      Array [
        17,
        6,
      ],
      Array [
        17,
        6,
      ],
      Array [
        17,
        6,
      ],
      Array [
        17,
        6,
      ],
      Array [
        17,
        6,
      ],
      Array [
        17,
        6,
      ],
    ],
    "samples/js/another_copied_function.js" => Array [
      Array [
        5,
        6,
      ],
    ],
  },
}
`;
