// Jest Snapshot v1, https://goo.gl/fbAQLP

exports[`integration test 1`] = `
"Cluster 1
	samples/js/sample.js(7%) + samples/js/copied_function.js(36%) => 	
		[[4,7],[15,18]]
	samples/js/copied_function.js(36%) + samples/js/sample.js(7%) => 
		[[15,18],[4,7]]

"
`;

exports[`integration test 2`] = `"{\\"results\\":[[[\\"samples/js/sample.js\\",\\"samples/js/copied_function.js\\",[[[4,7],[15,18]]]],[\\"samples/js/copied_function.js\\",\\"samples/js/sample.js\\",[[[15,18],[4,7]]]]]]}"`;
